C51 COMPILER V9.01   MAIN                                                                  09/15/2019 15:48:05 PAGE 1   


C51 COMPILER V9.01, COMPILATION OF MODULE MAIN
OBJECT MODULE PLACED IN main.OBJ
COMPILER INVOKED BY: C:\Keil_v502\C51\BIN\C51.EXE main.c BROWSE DEBUG OBJECTEXTEND

line level    source

   1          /**************************************************************************************
   2          *                             8*8LED点阵———显示数字实验                                                                                                *
   3          实现现象：下载程序后点阵上显示数字0
   4                                  
   5          注意事项：一定要将JOE短接片短接到GND端，如果不需要595后面的小灯点亮可以拔掉JP595短接片。                                                                                                                                                
             -                  
   6          ***************************************************************************************/
   7          
   8          #include "reg51.h"                       //此文件中定义了单片机的一些特殊功能寄存器
   9          #include<intrins.h>
  10          
  11          typedef unsigned int u16;         //对数据类型进行声明定义
  12          typedef unsigned char u8;
  13          
  14          sbit SRCLK=P3^6;
  15          sbit RCLK=P3^5;
  16          sbit SER=P3^4;
  17          
  18          u8 ledduan[]={0x00,0x00,0x3e,0x41,0x41,0x41,0x3e,0x00};
  19          u8 ledwei[]={0x7f,0xbf,0xdf,0xef,0xf7,0xfb,0xfd,0xfe};
  20          
  21          u8 ledduan1[]=
  22          {0x00,0x08,0x08,0x08,0x08,0x08,0x08,0x00};
  23          u8 ledduan2[]={0x00,0x3E,0x22,0x26,0x30,0x0E,0x7E,0x00};
  24          /*"未命名文件",0*/
  25          u8 ledduan3[]={0x00,0x00,0x3e,0x41,0x41,0x41,0x3e,0x00};
  26          /*******************************************************************************
  27          * 函 数 名         : delay
  28          * 函数功能                 : 延时函数，i=1时，大约延时10us
  29          *******************************************************************************/
  30          void delay(u16 i)
  31          {
  32   1              while(i--);     
  33   1      }
  34          
  35          /*******************************************************************************
  36          * 函数名         : Hc595SendByte(u8 dat)
  37          * 函数功能                 : 向74HC595发送一个字节的数据
  38          * 输入           : 无
  39          * 输出           : 无
  40          *******************************************************************************/
  41          void Hc595SendByte(u8 dat)
  42          {
  43   1              u8 a;
  44   1              SRCLK=0;
  45   1              RCLK=0;
  46   1              for(a=0;a<8;a++)
  47   1              {
  48   2                      SER=dat>>7;
  49   2                      dat<<=1;
  50   2      
  51   2                      SRCLK=1;
  52   2                      _nop_();
  53   2                      _nop_();
  54   2                      SRCLK=0;        
C51 COMPILER V9.01   MAIN                                                                  09/15/2019 15:48:05 PAGE 2   

  55   2              }
  56   1      
  57   1              RCLK=1;
  58   1              _nop_();
  59   1              _nop_();
  60   1              RCLK=0;
  61   1      }
  62          
  63          /*******************************************************************************
  64          * 函 数 名       : main
  65          * 函数功能               : 主函数
  66          * 输    入       : 无
  67          * 输    出       : 无
  68          *******************************************************************************/
  69          void main()
  70          {                       
  71   1              u8 i;
  72   1              while(1)
  73   1              {
  74   2                      P0=0x7f;
  75   2                      for(i=0;i<8;i++)
  76   2                      {
  77   3                              P0=ledwei[i];             //位选 也就是行选择
  78   3                              Hc595SendByte(ledduan2[i]);     //发送段选数据    也就是每一行的数据
  79   3                              delay(100);                //延时
  80   3                              Hc595SendByte(0x00);  //消隐
  81   3                      }       
  82   2              }               
  83   1      }


MODULE INFORMATION:   STATIC OVERLAYABLE
   CODE SIZE        =     88    ----
   CONSTANT SIZE    =   ----    ----
   XDATA SIZE       =   ----    ----
   PDATA SIZE       =   ----    ----
   DATA SIZE        =     40    ----
   IDATA SIZE       =   ----    ----
   BIT SIZE         =   ----    ----
END OF MODULE INFORMATION.


C51 COMPILATION COMPLETE.  0 WARNING(S),  0 ERROR(S)
